// Jest Snapshot v1, https://goo.gl/fbAQLP

exports[`Rendering <DashBoardPage/> Renders <DashBoardPage/> correctly 1`] = `
<div>
  Dashboard content page
</div>
`;
