// Jest Snapshot v1, https://goo.gl/fbAQLP

exports[`Rendering <DoesNotExist/> Renders <DoesNotExist/> correctly 1`] = `
<div>
  404page!
  <Link
    to="/"
  >
    Home
  </Link>
</div>
`;
