// Jest Snapshot v1, https://goo.gl/fbAQLP

exports[`To test the Header component with enzyme package should render Header correctly 1`] = `
<header
  className="header"
>
  <div
    className="content-container"
  >
    <div
      className="header__content"
    >
      <Link
        className="header__title"
        to="/dashboard"
      >
        <h1>
          Boiler Plate
        </h1>
      </Link>
      <button
        className="button button--link"
        onClick={[MockFunction]}
      >
        Log out
      </button>
    </div>
  </div>
</header>
`;
