// Jest Snapshot v1, https://goo.gl/fbAQLP

exports[`To test the Login component with enzyme package should render Login correctly 1`] = `
<div
  className="box-layout"
>
  <div
    className="box-layout__box"
  >
    <h1
      className="box-layout__title"
    >
      Boiler Plate
    </h1>
    <p>
      Tag Line For Application
    </p>
    <button
      className="button"
      onClick={[MockFunction]}
    >
      Login With Google
    </button>
  </div>
</div>
`;
